c:\users\nguye\source\repos\snake_sfml\snake_sfml\x64\debug\vc143.pdb
c:\users\nguye\source\repos\snake_sfml\snake_sfml\x64\debug\vc143.idb
c:\users\nguye\source\repos\snake_sfml\snake_sfml\x64\debug\main.obj
c:\users\nguye\source\repos\snake_sfml\snake_sfml\x64\debug\gfx.obj
c:\users\nguye\source\repos\snake_sfml\snake_sfml\x64\debug\game.obj
c:\users\nguye\source\repos\snake_sfml\x64\debug\snake_sfml.exe
c:\users\nguye\source\repos\snake_sfml\x64\debug\snake_sfml.pdb
c:\users\nguye\source\repos\snake_sfml\snake_sfml\x64\debug\snake_sfml.ilk
c:\snake\snake_sfml\x64\debug\game.obj
c:\snake\snake_sfml\x64\debug\gfx.obj
c:\snake\snake_sfml\x64\debug\main.obj
c:\snake\snake_sfml\x64\debug\snake_sfml.ilk
c:\snake\snake_sfml\x64\debug\vc143.idb
c:\snake\snake_sfml\x64\debug\vc143.pdb
c:\snake\x64\debug\snake_sfml.pdb
c:\snake\x64\debug\snake_sfml.exe
c:\snake\snake_sfml\x64\debug\snake_sfml.tlog\cl.command.1.tlog
c:\snake\snake_sfml\x64\debug\snake_sfml.tlog\cl.items.tlog
c:\snake\snake_sfml\x64\debug\snake_sfml.tlog\cl.read.1.tlog
c:\snake\snake_sfml\x64\debug\snake_sfml.tlog\cl.write.1.tlog
c:\snake\snake_sfml\x64\debug\snake_sfml.tlog\link.command.1.tlog
c:\snake\snake_sfml\x64\debug\snake_sfml.tlog\link.read.1.tlog
c:\snake\snake_sfml\x64\debug\snake_sfml.tlog\link.secondary.1.tlog
c:\snake\snake_sfml\x64\debug\snake_sfml.tlog\link.write.1.tlog
